CLOCK: 10 events, 52 convergent branches
  sim k2_r0: events [0, 6], 25 branches, bl=0.2496
  sim k2_r1: events [0, 2], 25 branches, bl=0.2222
  sim k2_r2: events [4, 8], 2 branches, bl=0.1060
  sim k3_r0: events [5, 6, 8], 9 branches, bl=0.0868
  sim k3_r1: events [2, 4, 9], 3 branches, bl=0.0824
  sim k3_r2: events [1, 6, 9], 3 branches, bl=0.0461
  sim k4_r0: events [4, 5, 7, 8], 10 branches, bl=0.1420
  sim k4_r1: events [2, 4, 8, 9], 4 branches, bl=0.1151
  sim k4_r2: events [0, 1, 3, 5], 46 branches, bl=0.2759
  sim k5_r0: events [0, 2, 5, 7, 9], 34 branches, bl=0.2663
  sim k5_r1: events [0, 1, 3, 5, 7], 47 branches, bl=0.2864
  sim k5_r2: events [1, 2, 6, 7, 8], 5 branches, bl=0.0824
  sim k6_r0: events [0, 5, 6, 7, 8, 9], 35 branches, bl=0.3264
  sim k6_r1: events [0, 3, 4, 6, 7, 8], 42 branches, bl=0.3857
  sim k6_r2: events [1, 2, 3, 5, 6, 8], 25 branches, bl=0.1171
  sim k7_r0: events [2, 3, 5, 6, 7, 8, 9], 26 branches, bl=0.1260
  sim k7_r1: events [3, 4, 5, 6, 7, 8, 9], 26 branches, bl=0.1982
  sim k7_r2: events [0, 2, 3, 4, 6, 7, 9], 43 branches, bl=0.3621
  sim k8_r0: events [0, 1, 2, 3, 4, 5, 7, 9], 50 branches, bl=0.3687
  sim k8_r1: events [0, 2, 3, 4, 5, 6, 7, 8], 50 branches, bl=0.4124
  sim k8_r2: events [0, 1, 2, 4, 5, 6, 8, 9], 37 branches, bl=0.3998
  sim k9_r0: events [0, 2, 3, 4, 5, 6, 7, 8, 9], 51 branches, bl=0.4204
  sim k9_r1: events [0, 1, 2, 3, 4, 5, 6, 7, 9], 51 branches, bl=0.3972
  sim k9_r2: events [0, 1, 2, 3, 4, 5, 6, 8, 9], 51 branches, bl=0.4195
  sim k10_r0: events [0, 1, 2, 3, 4, 5, 6, 7, 8, 9], 52 branches, bl=0.4300

concatenated 25 blocks -> 5000 sites; detecting once with the full 10-event declared scenario
got 5000 posteriors for 5000 sites

  k  rep  branches       bl  power@0.9  medianPost
  2    0        25   0.2496      0.000      0.0000
  2    1        25   0.2222      0.000      0.0000
  2    2         2   0.1060      0.000      0.0000
  3    0         9   0.0868      0.000      0.0000
  3    1         3   0.0824      0.000      0.0000
  3    2         3   0.0461      0.000      0.0000
  4    0        10   0.1420      0.000      0.0000
  4    1         4   0.1151      0.005      0.0000
  4    2        46   0.2759      0.015      0.0000
  5    0        34   0.2663      0.040      0.0000
  5    1        47   0.2864      0.015      0.0000
  5    2         5   0.0824      0.005      0.0000
  6    0        35   0.3264      0.085      0.0000
  6    1        42   0.3857      0.045      0.0000
  6    2        25   0.1171      0.135      0.0054
  7    0        26   0.1260      0.425      0.0000
  7    1        26   0.1981      0.005      0.0000
  7    2        43   0.3621      0.320      0.0000
  8    0        50   0.3687      0.550      1.0000
  8    1        50   0.4124      0.550      0.9999
  8    2        37   0.3998      0.545      0.9970
  9    0        51   0.4204      0.475      0.0000
  9    1        51   0.3972      0.470      0.0000
  9    2        51   0.4195      0.445      0.0000
 10    0        52   0.4300      1.000      1.0000

mean power at 0.9 by number of converging lineages:
  k= 2  0.000
  k= 3  0.000
  k= 4  0.007
  k= 5  0.020
  k= 6  0.088
  k= 7  0.250
  k= 8  0.548
  k= 9  0.463
  k=10  1.000

Detection recovers at k = 8
wrote /Users/koray/Desktop/circadian_analysis/results/figures/partial_convergence_CLOCK.pdf
